{
    "Should run without failures": {
        "content": [
            "Metrics.csv:md5,3213ad7bdf66f33476cb589b4d608948",
            "RunManifest.json:md5,d4ecdb19e5fbcffab3e6e770c34023fb",
            "UnassignedSequences.csv:md5,11c1693830ce941b8cfb8d2431a59097",
            "DefaultSample_R1.fastq.gz:md5,77b68ec94323741d1bddc03a7a428fa9",
            "DefaultSample_R2.fastq.gz:md5,ecd4ed53e10207582bbbc29383080b57"
        ],
        "timestamp": "2023-01-18T23:53:51+0000"
    }
}