{
    "Should run without failures": {
        "content": [
            "Sample1_S1_L001_R1_001.fastq.gz.md5:md5,2ffef70ffda3328c3c6607bf14ca50c3",
            "Sample1_S1_L001_R1_001.fastq.gz:md5,e92fce7b86c6447b053d72c5cb4be89c",
            [
                "AdapterTrimming.txt:md5,48ed2b914b1246c0b5d8667525550946",
                "ConversionStats.xml:md5,8fe0f57f3f5d256a0762dba75ac62d05",
                "DemultiplexingStats.xml:md5,2047ff18f5b9107c084de06e9ff943ad",
                "DemuxSummaryF1L1.txt:md5,03e5fd0c1e3079c5f8c7b4d0501b37ff",
                "FastqSummaryF1L1.txt:md5,0c6f2d87ee183b84d1051cde9a5643d1",
                "Stats.json:md5,8e5f038b8aa9e465599d3575f930e604"
            ]
        ],
        "timestamp": "2022-11-24T01:58:20+0000"
    }
}